#-----------------------------------------------------------
# Vivado v2017.4 (64-bit)
# SW Build 2086221 on Fri Dec 15 20:55:39 MST 2017
# IP Build 2085800 on Fri Dec 15 22:25:07 MST 2017
# Start of session at: Thu Oct 31 20:39:41 2019
# Process ID: 48860
# Current directory: F:/FILE/FPGA/ZYNQ/Image/005_OV5640_DDR3_DEMO/OV5640_DEMO/MIG_OV_PRG
# Command line: vivado.exe -gui_launcher_event rodinguilauncherevent47328 F:\FILE\FPGA\ZYNQ\Image\005_OV5640_DDR3_DEMO\OV5640_DEMO\MIG_OV_PRG\MIG_OV_PRG.xpr
# Log file: F:/FILE/FPGA/ZYNQ/Image/005_OV5640_DDR3_DEMO/OV5640_DEMO/MIG_OV_PRG/vivado.log
# Journal file: F:/FILE/FPGA/ZYNQ/Image/005_OV5640_DDR3_DEMO/OV5640_DEMO/MIG_OV_PRG\vivado.jou
#-----------------------------------------------------------
start_gui
open_project F:/FILE/FPGA/ZYNQ/Image/005_OV5640_DDR3_DEMO/OV5640_DEMO/MIG_OV_PRG/MIG_OV_PRG.xpr
update_compile_order -fileset sources_1
export_ip_user_files -of_objects  [get_files F:/FILE/FPGA/ZYNQ/Image/005_OV5640_DDR3_DEMO/OV5640_DEMO/user/I2C_OV7725_RGB565_Config.v] -no_script -reset -force -quiet
remove_files  F:/FILE/FPGA/ZYNQ/Image/005_OV5640_DDR3_DEMO/OV5640_DEMO/user/I2C_OV7725_RGB565_Config.v
export_ip_user_files -of_objects  [get_files F:/FILE/FPGA/ZYNQ/Image/005_OV5640_DDR3_DEMO/OV5640_DEMO/user/OV7725_TOP.v] -no_script -reset -force -quiet
remove_files  F:/FILE/FPGA/ZYNQ/Image/005_OV5640_DDR3_DEMO/OV5640_DEMO/user/OV7725_TOP.v
add_files -norecurse {F:/FILE/FPGA/ZYNQ/Image/005_OV5640_DDR3_DEMO/OV5640_DEMO/user/Video_Image_Processor/Image_RGB888_YCbCr444.v F:/FILE/FPGA/ZYNQ/Image/005_OV5640_DDR3_DEMO/OV5640_DEMO/user/Video_Image_Processor/Video_Image_Processor.v}
update_compile_order -fileset sources_1
update_compile_order -fileset sources_1
reset_run synth_1
launch_runs impl_2 -to_step write_bitstream -jobs 12
wait_on_run impl_2
reset_run synth_1
launch_runs impl_2 -to_step write_bitstream -jobs 12
wait_on_run impl_2
update_compile_order -fileset sources_1
reset_run synth_1
launch_runs impl_2 -to_step write_bitstream -jobs 12
wait_on_run impl_2
open_hw
connect_hw_server
open_hw_target
set_property PROGRAM.FILE {F:/FILE/FPGA/ZYNQ/Image/005_OV5640_DDR3_DEMO/OV5640_DEMO/MIG_OV_PRG/MIG_OV_PRG.runs/impl_2/OV5640_TOP.bit} [get_hw_devices xc7z035_1]
set_property PROBES.FILE {F:/FILE/FPGA/ZYNQ/Image/005_OV5640_DDR3_DEMO/OV5640_DEMO/MIG_OV_PRG/MIG_OV_PRG.runs/impl_2/OV5640_TOP.ltx} [get_hw_devices xc7z035_1]
set_property FULL_PROBES.FILE {F:/FILE/FPGA/ZYNQ/Image/005_OV5640_DDR3_DEMO/OV5640_DEMO/MIG_OV_PRG/MIG_OV_PRG.runs/impl_2/OV5640_TOP.ltx} [get_hw_devices xc7z035_1]
current_hw_device [get_hw_devices xc7z035_1]
refresh_hw_device [lindex [get_hw_devices xc7z035_1] 0]
set_property PROBES.FILE {F:/FILE/FPGA/ZYNQ/Image/005_OV5640_DDR3_DEMO/OV5640_DEMO/MIG_OV_PRG/MIG_OV_PRG.runs/impl_2/OV5640_TOP.ltx} [get_hw_devices xc7z035_1]
set_property FULL_PROBES.FILE {F:/FILE/FPGA/ZYNQ/Image/005_OV5640_DDR3_DEMO/OV5640_DEMO/MIG_OV_PRG/MIG_OV_PRG.runs/impl_2/OV5640_TOP.ltx} [get_hw_devices xc7z035_1]
set_property PROGRAM.FILE {F:/FILE/FPGA/ZYNQ/Image/005_OV5640_DDR3_DEMO/OV5640_DEMO/MIG_OV_PRG/MIG_OV_PRG.runs/impl_2/OV5640_TOP.bit} [get_hw_devices xc7z035_1]
program_hw_devices [get_hw_devices xc7z035_1]
refresh_hw_device [lindex [get_hw_devices xc7z035_1] 0]
display_hw_ila_data [ get_hw_ila_data hw_ila_data_1 -of_objects [get_hw_ilas -of_objects [get_hw_devices xc7z035_1] -filter {CELL_NAME=~"sensor_decode_inst/sensor_sg"}]]
run_hw_ila [get_hw_ilas -of_objects [get_hw_devices xc7z035_1] -filter {CELL_NAME=~"sensor_decode_inst/sensor_sg"}]
wait_on_hw_ila [get_hw_ilas -of_objects [get_hw_devices xc7z035_1] -filter {CELL_NAME=~"sensor_decode_inst/sensor_sg"}]
display_hw_ila_data [upload_hw_ila_data [get_hw_ilas -of_objects [get_hw_devices xc7z035_1] -filter {CELL_NAME=~"sensor_decode_inst/sensor_sg"}]]
reset_run impl_2 -prev_step 
launch_runs impl_2 -to_step write_bitstream -jobs 12
wait_on_run impl_2
reset_run impl_2 -prev_step 
reset_run synth_1
launch_runs impl_2 -to_step write_bitstream -jobs 12
wait_on_run impl_2
set_property PROBES.FILE {F:/FILE/FPGA/ZYNQ/Image/005_OV5640_DDR3_DEMO/OV5640_DEMO/MIG_OV_PRG/MIG_OV_PRG.runs/impl_2/OV5640_TOP.ltx} [get_hw_devices xc7z035_1]
set_property FULL_PROBES.FILE {F:/FILE/FPGA/ZYNQ/Image/005_OV5640_DDR3_DEMO/OV5640_DEMO/MIG_OV_PRG/MIG_OV_PRG.runs/impl_2/OV5640_TOP.ltx} [get_hw_devices xc7z035_1]
set_property PROGRAM.FILE {F:/FILE/FPGA/ZYNQ/Image/005_OV5640_DDR3_DEMO/OV5640_DEMO/MIG_OV_PRG/MIG_OV_PRG.runs/impl_2/OV5640_TOP.bit} [get_hw_devices xc7z035_1]
program_hw_devices [get_hw_devices xc7z035_1]
refresh_hw_device [lindex [get_hw_devices xc7z035_1] 0]
reset_run impl_2 -prev_step 
launch_runs impl_2 -to_step write_bitstream -jobs 12
wait_on_run impl_2
reset_run synth_1
launch_runs impl_2 -to_step write_bitstream -jobs 12
wait_on_run impl_2
set_property PROBES.FILE {F:/FILE/FPGA/ZYNQ/Image/005_OV5640_DDR3_DEMO/OV5640_DEMO/MIG_OV_PRG/MIG_OV_PRG.runs/impl_2/OV5640_TOP.ltx} [get_hw_devices xc7z035_1]
set_property FULL_PROBES.FILE {F:/FILE/FPGA/ZYNQ/Image/005_OV5640_DDR3_DEMO/OV5640_DEMO/MIG_OV_PRG/MIG_OV_PRG.runs/impl_2/OV5640_TOP.ltx} [get_hw_devices xc7z035_1]
set_property PROGRAM.FILE {F:/FILE/FPGA/ZYNQ/Image/005_OV5640_DDR3_DEMO/OV5640_DEMO/MIG_OV_PRG/MIG_OV_PRG.runs/impl_2/OV5640_TOP.bit} [get_hw_devices xc7z035_1]
program_hw_devices [get_hw_devices xc7z035_1]
refresh_hw_device [lindex [get_hw_devices xc7z035_1] 0]
display_hw_ila_data [ get_hw_ila_data hw_ila_data_1 -of_objects [get_hw_ilas -of_objects [get_hw_devices xc7z035_1] -filter {CELL_NAME=~"sensor_decode_inst/sensor_sg"}]]
reset_run impl_2 -prev_step 
launch_runs impl_2 -to_step write_bitstream -jobs 12
wait_on_run impl_2
set_property PROBES.FILE {F:/FILE/FPGA/ZYNQ/Image/005_OV5640_DDR3_DEMO/OV5640_DEMO/MIG_OV_PRG/MIG_OV_PRG.runs/impl_2/OV5640_TOP.ltx} [get_hw_devices xc7z035_1]
set_property FULL_PROBES.FILE {F:/FILE/FPGA/ZYNQ/Image/005_OV5640_DDR3_DEMO/OV5640_DEMO/MIG_OV_PRG/MIG_OV_PRG.runs/impl_2/OV5640_TOP.ltx} [get_hw_devices xc7z035_1]
set_property PROGRAM.FILE {F:/FILE/FPGA/ZYNQ/Image/005_OV5640_DDR3_DEMO/OV5640_DEMO/MIG_OV_PRG/MIG_OV_PRG.runs/impl_2/OV5640_TOP.bit} [get_hw_devices xc7z035_1]
program_hw_devices [get_hw_devices xc7z035_1]
refresh_hw_device [lindex [get_hw_devices xc7z035_1] 0]
reset_run synth_1
launch_runs impl_2 -to_step write_bitstream -jobs 12
wait_on_run impl_2
disconnect_hw_server localhost:3121
connect_hw_server
open_hw_target
close_hw_target {localhost:3121/xilinx_tcf/Digilent/210249856074}
disconnect_hw_server localhost:3121
connect_hw_server
open_hw_target
set_property PROBES.FILE {F:/FILE/FPGA/ZYNQ/Image/005_OV5640_DDR3_DEMO/OV5640_DEMO/MIG_OV_PRG/MIG_OV_PRG.runs/impl_2/OV5640_TOP.ltx} [get_hw_devices xc7z035_1]
set_property FULL_PROBES.FILE {F:/FILE/FPGA/ZYNQ/Image/005_OV5640_DDR3_DEMO/OV5640_DEMO/MIG_OV_PRG/MIG_OV_PRG.runs/impl_2/OV5640_TOP.ltx} [get_hw_devices xc7z035_1]
set_property PROGRAM.FILE {F:/FILE/FPGA/ZYNQ/Image/005_OV5640_DDR3_DEMO/OV5640_DEMO/MIG_OV_PRG/MIG_OV_PRG.runs/impl_2/OV5640_TOP.bit} [get_hw_devices xc7z035_1]
program_hw_devices [get_hw_devices xc7z035_1]
refresh_hw_device [lindex [get_hw_devices xc7z035_1] 0]
display_hw_ila_data [ get_hw_ila_data hw_ila_data_1 -of_objects [get_hw_ilas -of_objects [get_hw_devices xc7z035_1] -filter {CELL_NAME=~"sensor_decode_inst/sensor_sg"}]]
reset_run synth_1
launch_runs impl_2 -to_step write_bitstream -jobs 12
wait_on_run impl_2
set_property PROBES.FILE {F:/FILE/FPGA/ZYNQ/Image/005_OV5640_DDR3_DEMO/OV5640_DEMO/MIG_OV_PRG/MIG_OV_PRG.runs/impl_2/OV5640_TOP.ltx} [get_hw_devices xc7z035_1]
set_property FULL_PROBES.FILE {F:/FILE/FPGA/ZYNQ/Image/005_OV5640_DDR3_DEMO/OV5640_DEMO/MIG_OV_PRG/MIG_OV_PRG.runs/impl_2/OV5640_TOP.ltx} [get_hw_devices xc7z035_1]
set_property PROGRAM.FILE {F:/FILE/FPGA/ZYNQ/Image/005_OV5640_DDR3_DEMO/OV5640_DEMO/MIG_OV_PRG/MIG_OV_PRG.runs/impl_2/OV5640_TOP.bit} [get_hw_devices xc7z035_1]
program_hw_devices [get_hw_devices xc7z035_1]
refresh_hw_device [lindex [get_hw_devices xc7z035_1] 0]
reset_run impl_2 -prev_step 
launch_runs impl_2 -to_step write_bitstream -jobs 12
wait_on_run impl_2
set_property PROBES.FILE {F:/FILE/FPGA/ZYNQ/Image/005_OV5640_DDR3_DEMO/OV5640_DEMO/MIG_OV_PRG/MIG_OV_PRG.runs/impl_2/OV5640_TOP.ltx} [get_hw_devices xc7z035_1]
set_property FULL_PROBES.FILE {F:/FILE/FPGA/ZYNQ/Image/005_OV5640_DDR3_DEMO/OV5640_DEMO/MIG_OV_PRG/MIG_OV_PRG.runs/impl_2/OV5640_TOP.ltx} [get_hw_devices xc7z035_1]
set_property PROGRAM.FILE {F:/FILE/FPGA/ZYNQ/Image/005_OV5640_DDR3_DEMO/OV5640_DEMO/MIG_OV_PRG/MIG_OV_PRG.runs/impl_2/OV5640_TOP.bit} [get_hw_devices xc7z035_1]
program_hw_devices [get_hw_devices xc7z035_1]
refresh_hw_device [lindex [get_hw_devices xc7z035_1] 0]
reset_run synth_1
launch_runs impl_2 -to_step write_bitstream -jobs 12
wait_on_run impl_2
set_property PROBES.FILE {F:/FILE/FPGA/ZYNQ/Image/005_OV5640_DDR3_DEMO/OV5640_DEMO/MIG_OV_PRG/MIG_OV_PRG.runs/impl_2/OV5640_TOP.ltx} [get_hw_devices xc7z035_1]
set_property FULL_PROBES.FILE {F:/FILE/FPGA/ZYNQ/Image/005_OV5640_DDR3_DEMO/OV5640_DEMO/MIG_OV_PRG/MIG_OV_PRG.runs/impl_2/OV5640_TOP.ltx} [get_hw_devices xc7z035_1]
set_property PROGRAM.FILE {F:/FILE/FPGA/ZYNQ/Image/005_OV5640_DDR3_DEMO/OV5640_DEMO/MIG_OV_PRG/MIG_OV_PRG.runs/impl_2/OV5640_TOP.bit} [get_hw_devices xc7z035_1]
program_hw_devices [get_hw_devices xc7z035_1]
refresh_hw_device [lindex [get_hw_devices xc7z035_1] 0]
set_property PROBES.FILE {F:/FILE/FPGA/ZYNQ/Image/005_OV5640_DDR3_DEMO/OV5640_DEMO/MIG_OV_PRG/MIG_OV_PRG.runs/impl_2/OV5640_TOP.ltx} [get_hw_devices xc7z035_1]
set_property FULL_PROBES.FILE {F:/FILE/FPGA/ZYNQ/Image/005_OV5640_DDR3_DEMO/OV5640_DEMO/MIG_OV_PRG/MIG_OV_PRG.runs/impl_2/OV5640_TOP.ltx} [get_hw_devices xc7z035_1]
set_property PROGRAM.FILE {F:/FILE/FPGA/ZYNQ/Image/005_OV5640_DDR3_DEMO/OV5640_DEMO/MIG_OV_PRG/MIG_OV_PRG.runs/impl_2/OV5640_TOP.bit} [get_hw_devices xc7z035_1]
program_hw_devices [get_hw_devices xc7z035_1]
refresh_hw_device [lindex [get_hw_devices xc7z035_1] 0]
reset_run synth_1
launch_runs impl_2 -to_step write_bitstream -jobs 12
wait_on_run impl_2
set_property PROBES.FILE {F:/FILE/FPGA/ZYNQ/Image/005_OV5640_DDR3_DEMO/OV5640_DEMO/MIG_OV_PRG/MIG_OV_PRG.runs/impl_2/OV5640_TOP.ltx} [get_hw_devices xc7z035_1]
set_property FULL_PROBES.FILE {F:/FILE/FPGA/ZYNQ/Image/005_OV5640_DDR3_DEMO/OV5640_DEMO/MIG_OV_PRG/MIG_OV_PRG.runs/impl_2/OV5640_TOP.ltx} [get_hw_devices xc7z035_1]
set_property PROGRAM.FILE {F:/FILE/FPGA/ZYNQ/Image/005_OV5640_DDR3_DEMO/OV5640_DEMO/MIG_OV_PRG/MIG_OV_PRG.runs/impl_2/OV5640_TOP.bit} [get_hw_devices xc7z035_1]
program_hw_devices [get_hw_devices xc7z035_1]
refresh_hw_device [lindex [get_hw_devices xc7z035_1] 0]
reset_run synth_1
launch_runs impl_2 -to_step write_bitstream -jobs 12
wait_on_run impl_2
set_property PROBES.FILE {F:/FILE/FPGA/ZYNQ/Image/005_OV5640_DDR3_DEMO/OV5640_DEMO/MIG_OV_PRG/MIG_OV_PRG.runs/impl_2/OV5640_TOP.ltx} [get_hw_devices xc7z035_1]
set_property FULL_PROBES.FILE {F:/FILE/FPGA/ZYNQ/Image/005_OV5640_DDR3_DEMO/OV5640_DEMO/MIG_OV_PRG/MIG_OV_PRG.runs/impl_2/OV5640_TOP.ltx} [get_hw_devices xc7z035_1]
set_property PROGRAM.FILE {F:/FILE/FPGA/ZYNQ/Image/005_OV5640_DDR3_DEMO/OV5640_DEMO/MIG_OV_PRG/MIG_OV_PRG.runs/impl_2/OV5640_TOP.bit} [get_hw_devices xc7z035_1]
program_hw_devices [get_hw_devices xc7z035_1]
refresh_hw_device [lindex [get_hw_devices xc7z035_1] 0]
save_wave_config {F:/FILE/FPGA/ZYNQ/Image/005_OV5640_DDR3_DEMO/OV5640_DEMO/MIG_OV_PRG/MIG_OV_PRG.hw/hw_1/wave/hw_ila_data_1/hw_ila_data_1.wcfg}
