#-----------------------------------------------------------
# Vivado v2017.4 (64-bit)
# SW Build 2086221 on Fri Dec 15 20:55:39 MST 2017
# IP Build 2085800 on Fri Dec 15 22:25:07 MST 2017
# Start of session at: Wed Sep 18 20:58:45 2019
# Process ID: 30312
# Current directory: G:/设计资料/XILINX/米联客/MIZ7035/MIZ7035/CODE_FREE/S01/S01_CH10_hdmi_display_demon_720P/S01_CH11_hdmi_display_demon_720P/S01_CH11_hdmi_display_demon_1080P/hdmi_display_demon
# Command line: vivado.exe -gui_launcher_event rodinguilauncherevent24844 G:\设计资料\XILINX\米联客\MIZ7035\MIZ7035\CODE_FREE\S01\S01_CH10_hdmi_display_demon_720P\S01_CH11_hdmi_display_demon_720P\S01_CH11_hdmi_display_demon_1080P\hdmi_display_demon\hdmi_display_demon.xpr
# Log file: G:/设计资料/XILINX/米联客/MIZ7035/MIZ7035/CODE_FREE/S01/S01_CH10_hdmi_display_demon_720P/S01_CH11_hdmi_display_demon_720P/S01_CH11_hdmi_display_demon_1080P/hdmi_display_demon/vivado.log
# Journal file: G:/设计资料/XILINX/米联客/MIZ7035/MIZ7035/CODE_FREE/S01/S01_CH10_hdmi_display_demon_720P/S01_CH11_hdmi_display_demon_720P/S01_CH11_hdmi_display_demon_1080P/hdmi_display_demon\vivado.jou
#-----------------------------------------------------------
start_gui
open_project G:/设计资料/XILINX/米联客/MIZ7035/MIZ7035/CODE_FREE/S01/S01_CH10_hdmi_display_demon_720P/S01_CH11_hdmi_display_demon_720P/S01_CH11_hdmi_display_demon_1080P/hdmi_display_demon/hdmi_display_demon.xpr
update_compile_order -fileset sources_1
report_ip_status -name ip_status 
upgrade_ip [get_ips  g:/éè×êá/XILINX/×jí/MIZ7035/MIZ7035/CODE_FREE/S01/S01_CH10_hdmi_display_demon_720P/S01_CH11_hdmi_display_demon_720P/S01_CH11_hdmi_display_demon_1080P/hdmi_display_demon/hdmi_display_demon.srcs/sources_1/ip/clk_wiz_0/clk_wiz_0.x] -log ip_upgrade.log
upgrade_ip [get_ips  g:/éè×êá/XILINX/×jí/MIZ7035/MIZ7035/CODE_FREE/S01/S01_CH10_hdmi_display_demon_720P/S01_CH11_hdmi_display_demon_720P/S01_CH11_hdmi_display_demon_1080P/hdmi_display_demon/hdmi_display_demon.srcs/sources_1/ip/clk_wiz_0/clk_wiz_0.x] -log ip_upgrade.log
upgrade_ip [get_ips  g:/éè×êá/XILINX/×jí/MIZ7035/MIZ7035/CODE_FREE/S01/S01_CH10_hdmi_display_demon_720P/S01_CH11_hdmi_display_demon_720P/S01_CH11_hdmi_display_demon_1080P/hdmi_display_demon/hdmi_display_demon.srcs/sources_1/ip/clk_wiz_0/clk_wiz_0.x] -log ip_upgrade.log
